// Vitest Snapshot v1, https://vitest.dev/guide/snapshot.html

exports[`Avatar > should render 1`] = `
<DocumentFragment>
  <div
    class="paper"
    style="border-radius: 50px; display: inline-block; margin: 0px; overflow: hidden; padding: 0px; background-color: rgb(21, 148, 242); height: 20px; width: 20px;"
  >
    <svg
      height="20"
      width="20"
      x="0"
      xmlns="http://www.w3.org/2000/svg"
      y="0"
    >
      <rect
        fill="#2462e1"
        height="20"
        rx="0"
        ry="0"
        transform="translate(2.2433313654953237 -3.3339441395209515) rotate(458.4 10 10)"
        width="20"
        x="0"
        y="0"
      />
      <rect
        fill="#f74401"
        height="20"
        rx="0"
        ry="0"
        transform="translate(-9.602162056031382 4.995219772179145) rotate(268.8 10 10)"
        width="20"
        x="0"
        y="0"
      />
      <rect
        fill="#fc7c00"
        height="20"
        rx="0"
        ry="0"
        transform="translate(-5.672658799563389 18.42500992542711) rotate(117.3 10 10)"
        width="20"
        x="0"
        y="0"
      />
      <rect
        fill="#c71448"
        height="20"
        rx="0"
        ry="0"
        transform="translate(-17.239933713789252 15.501698908425618) rotate(280.5 10 10)"
        width="20"
        x="0"
        y="0"
      />
    </svg>
  </div>
</DocumentFragment>
`;
